
> jeescage@0.1.0 build
> prisma generate && next build

[dotenv@17.3.1] injecting env (18) from .env -- tip: ΓÜÖ∩╕Å  load multiple .env files with { path: ['.env.local', '.env'] }
node.exe : Loaded Prisma config from prisma.config.js.
At line:1 char:1
+ & "C:\Program Files\nodejs/node.exe" "C:\Program Files\nodejs/node_mo ...
+ ~~~~~~~~~~~~~~~~~~~~~~~~~~~~~~~~~~~~~~~~~~~~~~~~~~~~~~~~~~~~~~~~~~~~~
    + CategoryInfo          : NotSpecified: (Loaded Prisma c...isma.config.js. 
   :String) [], RemoteException
    + FullyQualifiedErrorId : NativeCommandError
 

Prisma schema loaded from prisma\schema.prisma.

Γ£ö Generated Prisma Client (v7.4.1) to .\node_modules\@prisma\client in 8.17s

Start by importing your Prisma Client (See: https://pris.ly/d/importing-client)


Γ¿» Unable to acquire lock at C:\Users\KA\OneDrive\Desktop\jeeshop\.next\lock, 
is another instance of next build running?
  Suggestion: If you intended to restart next build, terminate the other process, and then try again.
